
--- Início Processamento COM: pdf ---
HAS_PYWIN32 é False.

--- Início Processamento COM: docx ---
HAS_PYWIN32 é False.

--- Início Processamento COM: docx ---
Acessando Word.Application...
Abrindo documento: C:\Projetos\Anti Gravity\Caminho das Cifras\backend\Livreto.docx
Mudando visualização para PrintView...
Repaginando...
Atualizando campos...
Atualizando TOC...
Salvando DOCX...
COM Finalizado.

--- Início Processamento COM: docx ---
Acessando Word.Application...
Abrindo documento: C:\Projetos\Anti Gravity\Caminho das Cifras\backend\Livreto.docx
Mudando visualização para PrintView...
Repaginando...
Atualizando campos...
Atualizando TOC...
Salvando DOCX...
COM Finalizado.

--- Início Processamento COM: pdf ---
Acessando Word.Application...
Abrindo documento: C:\Projetos\Anti Gravity\Caminho das Cifras\backend\Livreto.docx
Mudando visualização para PrintView...
Repaginando...
Atualizando campos...
Atualizando TOC...
Salvando DOCX...
Exportando PDF para: C:\Projetos\Anti Gravity\Caminho das Cifras\backend\Livreto.pdf
PDF Exportado com sucesso.
COM Finalizado.

--- Início Processamento COM: docx ---
Acessando Word.Application...
Abrindo documento: C:\Projetos\Anti Gravity\Caminho das Cifras\backend\Livreto.docx
Mudando visualização para PrintView...
Repaginando...
Atualizando campos...
Atualizando TOC...
Salvando DOCX...
COM Finalizado.

--- Início Processamento COM: docx ---
Acessando Word.Application...
Abrindo documento: C:\Projetos\Anti Gravity\Caminho das Cifras\backend\Livreto.docx
Mudando visualização para PrintView...
Repaginando...
Atualizando campos...
Atualizando TOC...
Salvando DOCX...
COM Finalizado.

--- Início Processamento COM: docx ---
Acessando Word.Application...
Abrindo documento: C:\Projetos\Anti Gravity\Caminho das Cifras\backend\Livreto.docx
Mudando visualização para PrintView...
Repaginando...
Atualizando campos...
Atualizando TOC...
Salvando DOCX...
COM Finalizado.

--- Início Processamento COM: pdf ---
Acessando Word.Application...
Abrindo documento: C:\Projetos\Anti Gravity\Caminho das Cifras\backend\Livreto.docx
Mudando visualização para PrintView...
Repaginando...
Atualizando campos...
Atualizando TOC...
Salvando DOCX...
Exportando PDF para: C:\Projetos\Anti Gravity\Caminho das Cifras\backend\Livreto.pdf
PDF Exportado com sucesso via ExportAsFixedFormat.
COM Finalizado.

--- Início Processamento COM: pdf ---
Acessando Word.Application...
Abrindo documento: C:\Projetos\Anti Gravity\Caminho das Cifras\backend\Livreto.docx
Mudando visualização para PrintView...
Repaginando...
Atualizando campos...
Atualizando TOC...
Salvando DOCX...
Exportando PDF para: C:\Projetos\Anti Gravity\Caminho das Cifras\backend\Livreto.pdf
PDF Exportado com sucesso via ExportAsFixedFormat.
COM Finalizado.

--- Início Processamento COM: pdf ---
Acessando Word.Application...
Abrindo documento: C:\Projetos\Anti Gravity\Caminho das Cifras\backend\Livreto.docx
Mudando visualização para PrintView...
Repaginando...
Atualizando campos...
Atualizando TOC...
Salvando DOCX...
Exportando PDF para: C:\Projetos\Anti Gravity\Caminho das Cifras\backend\Livreto.pdf
PDF Exportado com sucesso via ExportAsFixedFormat.
COM Finalizado.

--- Início Processamento COM: pdf ---
Acessando Word.Application...
Abrindo documento: C:\Projetos\Anti Gravity\Caminho das Cifras\backend\Livreto.docx
Mudando visualização para PrintView...
Repaginando...
Atualizando campos...
Atualizando TOC...
Salvando DOCX...
Exportando PDF para: C:\Projetos\Anti Gravity\Caminho das Cifras\backend\Livreto.pdf
PDF Exportado com sucesso via ExportAsFixedFormat.
COM Finalizado.

--- Início Processamento COM: pdf ---
Acessando Word.Application...
Abrindo documento: C:\Projetos\Anti Gravity\Caminho das Cifras\backend\Livreto.docx
Mudando visualização para PrintView...
Repaginando...
Atualizando campos...
Atualizando TOC...
Salvando DOCX...
Exportando PDF para: C:\Projetos\Anti Gravity\Caminho das Cifras\backend\Livreto.pdf
PDF Exportado com sucesso via ExportAsFixedFormat.
COM Finalizado.

--- Início Processamento COM: pdf ---
Acessando Word.Application...
Abrindo documento: C:\Projetos\Anti Gravity\Caminho das Cifras\backend\Livreto.docx
Mudando visualização para PrintView...
Repaginando...
Atualizando campos...
Atualizando TOC...
Salvando DOCX...
Exportando PDF para: C:\Projetos\Anti Gravity\Caminho das Cifras\backend\Livreto.pdf
PDF Exportado com sucesso via ExportAsFixedFormat.
COM Finalizado.

--- Início Processamento COM: pdf ---
Acessando Word.Application...
Abrindo documento: C:\Projetos\Anti Gravity\Caminho das Cifras\backend\Livreto.docx
Mudando visualização para PrintView...
Repaginando...
Atualizando campos...
Atualizando TOC...
Salvando DOCX...
Exportando PDF para: C:\Projetos\Anti Gravity\Caminho das Cifras\backend\Livreto.pdf
PDF Exportado com sucesso via ExportAsFixedFormat.
COM Finalizado.
